==22121==    by 0x48A8491: xrealloc (in /usr/lib/x86_64-linux-gnu/libreadline.so.8.1)
==22120==    by 0x4B05516: _nc_read_entry2 (in /usr/lib/x86_64-linux-gnu/libtinfo.so.6.3)
==22121==    by 0x4885877: rl_add_funmap_entry (in /usr/lib/x86_64-linux-gnu/libreadline.so.8.1)
==22120==    by 0x4B05591: ??? (in /usr/lib/x86_64-linux-gnu/libtinfo.so.6.3)
==22121==    by 0x48858C8: rl_initialize_funmap (in /usr/lib/x86_64-linux-gnu/libreadline.so.8.1)
==22120==    by 0x4B056E6: _nc_setupterm (in /usr/lib/x86_64-linux-gnu/libtinfo.so.6.3)
==22121==    by 0x488FA2C: rl_initialize (in /usr/lib/x86_64-linux-gnu/libreadline.so.8.1)
==22120==    by 0x4B06349: tgetent_sp (in /usr/lib/x86_64-linux-gnu/libtinfo.so.6.3)
==22121==    by 0x488FCD4: readline (in /usr/lib/x86_64-linux-gnu/libreadline.so.8.1)
==22120==    by 0x48A31CD: _rl_init_terminal_io (in /usr/lib/x86_64-linux-gnu/libreadline.so.8.1)
==22121==    by 0x1122C3: main (main.c:103)
==22120==    by 0x488FA0F: rl_initialize (in /usr/lib/x86_64-linux-gnu/libreadline.so.8.1)
==22121== 
==22120==    by 0x488FCD4: readline (in /usr/lib/x86_64-linux-gnu/libreadline.so.8.1)
==22120==    by 0x1122C3: main (main.c:103)
==22121== 2,032 bytes in 1 blocks are still reachable in loss record 37 of 63
==22120== 
==22121==    at 0x4848899: malloc (in /usr/libexec/valgrind/vgpreload_memcheck-amd64-linux.so)
==22121==    by 0x48A7BAC: xmalloc (in /usr/lib/x86_64-linux-gnu/libreadline.so.8.1)
==22120== 156 bytes in 1 blocks are still reachable in loss record 20 of 63
==22121==    by 0x48A3419: _rl_init_terminal_io (in /usr/lib/x86_64-linux-gnu/libreadline.so.8.1)
==22120==    at 0x484DCD3: realloc (in /usr/libexec/valgrind/vgpreload_memcheck-amd64-linux.so)
==22121==    by 0x488FA0F: rl_initialize (in /usr/lib/x86_64-linux-gnu/libreadline.so.8.1)
==22120==    by 0x4AFA59C: _nc_doalloc (in /usr/lib/x86_64-linux-gnu/libtinfo.so.6.3)
==22121==    by 0x488FCD4: readline (in /usr/lib/x86_64-linux-gnu/libreadline.so.8.1)
==22120==    by 0x4B05037: _nc_read_termtype (in /usr/lib/x86_64-linux-gnu/libtinfo.so.6.3)
==22121==    by 0x1122C3: main (main.c:103)
==22120==    by 0x4B053AA: ??? (in /usr/lib/x86_64-linux-gnu/libtinfo.so.6.3)
==22121== 
==22120==    by 0x4B07AC0: ??? (in /usr/lib/x86_64-linux-gnu/libtinfo.so.6.3)
==22120==    by 0x4B0553B: _nc_read_entry2 (in /usr/lib/x86_64-linux-gnu/libtinfo.so.6.3)
==22121== 2,240 bytes in 140 blocks are still reachable in loss record 38 of 63
==22120==    by 0x4B05591: ??? (in /usr/lib/x86_64-linux-gnu/libtinfo.so.6.3)
==22121==    at 0x4848899: malloc (in /usr/libexec/valgrind/vgpreload_memcheck-amd64-linux.so)
==22120==    by 0x4B056E6: _nc_setupterm (in /usr/lib/x86_64-linux-gnu/libtinfo.so.6.3)
==22121==    by 0x48A7BAC: xmalloc (in /usr/lib/x86_64-linux-gnu/libreadline.so.8.1)
==22120==    by 0x4B06349: tgetent_sp (in /usr/lib/x86_64-linux-gnu/libtinfo.so.6.3)
==22121==    by 0x4885822: rl_add_funmap_entry (in /usr/lib/x86_64-linux-gnu/libreadline.so.8.1)
==22120==    by 0x48A31CD: _rl_init_terminal_io (in /usr/lib/x86_64-linux-gnu/libreadline.so.8.1)
==22121==    by 0x48858C8: rl_initialize_funmap (in /usr/lib/x86_64-linux-gnu/libreadline.so.8.1)
==22120==    by 0x488FA0F: rl_initialize (in /usr/lib/x86_64-linux-gnu/libreadline.so.8.1)
==22121==    by 0x488FA2C: rl_initialize (in /usr/lib/x86_64-linux-gnu/libreadline.so.8.1)
==22120==    by 0x488FCD4: readline (in /usr/lib/x86_64-linux-gnu/libreadline.so.8.1)
==22121==    by 0x488FCD4: readline (in /usr/lib/x86_64-linux-gnu/libreadline.so.8.1)
==22120== 
==22121==    by 0x1122C3: main (main.c:103)
==22121== 
==22120== 168 bytes in 1 blocks are still reachable in loss record 21 of 63
==22120==    at 0x484DA83: calloc (in /usr/libexec/valgrind/vgpreload_memcheck-amd64-linux.so)
==22121== 3,768 bytes in 1 blocks are still reachable in loss record 39 of 63
==22120==    by 0x4AFDB5D: ??? (in /usr/lib/x86_64-linux-gnu/libtinfo.so.6.3)
==22121==    at 0x484DCD3: realloc (in /usr/libexec/valgrind/vgpreload_memcheck-amd64-linux.so)
==22120==    by 0x4B00F28: _nc_tiparm (in /usr/lib/x86_64-linux-gnu/libtinfo.so.6.3)
==22121==    by 0x4AFA59C: _nc_doalloc (in /usr/lib/x86_64-linux-gnu/libtinfo.so.6.3)
==22120==    by 0x4B07AFD: ??? (in /usr/lib/x86_64-linux-gnu/libtinfo.so.6.3)
==22121==    by 0x4B05055: _nc_read_termtype (in /usr/lib/x86_64-linux-gnu/libtinfo.so.6.3)
==22120==    by 0x4B07B89: _nc_trim_sgr0 (in /usr/lib/x86_64-linux-gnu/libtinfo.so.6.3)
==22121==    by 0x4B053AA: ??? (in /usr/lib/x86_64-linux-gnu/libtinfo.so.6.3)
==22120==    by 0x4B06528: tgetent_sp (in /usr/lib/x86_64-linux-gnu/libtinfo.so.6.3)
==22121==    by 0x4B07AC0: ??? (in /usr/lib/x86_64-linux-gnu/libtinfo.so.6.3)
==22120==    by 0x48A31CD: _rl_init_terminal_io (in /usr/lib/x86_64-linux-gnu/libreadline.so.8.1)
==22121==    by 0x4B0553B: _nc_read_entry2 (in /usr/lib/x86_64-linux-gnu/libtinfo.so.6.3)
==22120==    by 0x488FA0F: rl_initialize (in /usr/lib/x86_64-linux-gnu/libreadline.so.8.1)
==22121==    by 0x4B05591: ??? (in /usr/lib/x86_64-linux-gnu/libtinfo.so.6.3)
==22120==    by 0x488FCD4: readline (in /usr/lib/x86_64-linux-gnu/libreadline.so.8.1)
==22121==    by 0x4B056E6: _nc_setupterm (in /usr/lib/x86_64-linux-gnu/libtinfo.so.6.3)
==22120==    by 0x1122C3: main (main.c:103)
==22121==    by 0x4B06349: tgetent_sp (in /usr/lib/x86_64-linux-gnu/libtinfo.so.6.3)
==22120== 
==22121==    by 0x48A31CD: _rl_init_terminal_io (in /usr/lib/x86_64-linux-gnu/libreadline.so.8.1)
==22121==    by 0x488FA0F: rl_initialize (in /usr/lib/x86_64-linux-gnu/libreadline.so.8.1)
==22120== 256 bytes in 1 blocks are still reachable in loss record 22 of 63
==22121==    by 0x488FCD4: readline (in /usr/lib/x86_64-linux-gnu/libreadline.so.8.1)
==22121== 
==22120==    at 0x4848899: malloc (in /usr/libexec/valgrind/vgpreload_memcheck-amd64-linux.so)
==22120==    by 0x48A7BAC: xmalloc (in /usr/lib/x86_64-linux-gnu/libreadline.so.8.1)
==22121== 3,768 bytes in 1 blocks are still reachable in loss record 40 of 63
==22120==    by 0x488FC86: rl_initialize (in /usr/lib/x86_64-linux-gnu/libreadline.so.8.1)
==22121==    at 0x4848899: malloc (in /usr/libexec/valgrind/vgpreload_memcheck-amd64-linux.so)
==22120==    by 0x488FCD4: readline (in /usr/lib/x86_64-linux-gnu/libreadline.so.8.1)
==22121==    by 0x4AF9ECF: ??? (in /usr/lib/x86_64-linux-gnu/libtinfo.so.6.3)
==22120==    by 0x1122C3: main (main.c:103)
==22121==    by 0x4B056FD: _nc_setupterm (in /usr/lib/x86_64-linux-gnu/libtinfo.so.6.3)
==22120== 
==22121==    by 0x4B06349: tgetent_sp (in /usr/lib/x86_64-linux-gnu/libtinfo.so.6.3)
==22121==    by 0x48A31CD: _rl_init_terminal_io (in /usr/lib/x86_64-linux-gnu/libreadline.so.8.1)
==22120== 480 bytes in 1 blocks are still reachable in loss record 23 of 63
==22121==    by 0x488FA0F: rl_initialize (in /usr/lib/x86_64-linux-gnu/libreadline.so.8.1)
==22120==    at 0x484DA83: calloc (in /usr/libexec/valgrind/vgpreload_memcheck-amd64-linux.so)
==22121==    by 0x488FCD4: readline (in /usr/lib/x86_64-linux-gnu/libreadline.so.8.1)
==22120==    by 0x4B051FF: _nc_read_termtype (in /usr/lib/x86_64-linux-gnu/libtinfo.so.6.3)
==22121==    by 0x1122C3: main (main.c:103)
==22120==    by 0x4B053AA: ??? (in /usr/lib/x86_64-linux-gnu/libtinfo.so.6.3)
==22121== 
==22120==    by 0x4B07AC0: ??? (in /usr/lib/x86_64-linux-gnu/libtinfo.so.6.3)
==22120==    by 0x4B0553B: _nc_read_entry2 (in /usr/lib/x86_64-linux-gnu/libtinfo.so.6.3)
==22121== 4,016 bytes in 1 blocks are still reachable in loss record 41 of 63
==22120==    by 0x4B05591: ??? (in /usr/lib/x86_64-linux-gnu/libtinfo.so.6.3)
==22121==    at 0x4848899: malloc (in /usr/libexec/valgrind/vgpreload_memcheck-amd64-linux.so)
==22120==    by 0x4B056E6: _nc_setupterm (in /usr/lib/x86_64-linux-gnu/libtinfo.so.6.3)
==22121==    by 0x48A7BAC: xmalloc (in /usr/lib/x86_64-linux-gnu/libreadline.so.8.1)
==22120==    by 0x4B06349: tgetent_sp (in /usr/lib/x86_64-linux-gnu/libtinfo.so.6.3)
==22121==    by 0x48A0FD6: add_history (in /usr/lib/x86_64-linux-gnu/libreadline.so.8.1)
==22120==    by 0x48A31CD: _rl_init_terminal_io (in /usr/lib/x86_64-linux-gnu/libreadline.so.8.1)
==22121==    by 0x1122FF: main (main.c:107)
==22120==    by 0x488FA0F: rl_initialize (in /usr/lib/x86_64-linux-gnu/libreadline.so.8.1)
==22121== 
==22120==    by 0x488FCD4: readline (in /usr/lib/x86_64-linux-gnu/libreadline.so.8.1)
==22120==    by 0x1122C3: main (main.c:103)
==22121== 4,080 bytes in 1 blocks are still reachable in loss record 42 of 63
==22120== 
==22121==    at 0x4848899: malloc (in /usr/libexec/valgrind/vgpreload_memcheck-amd64-linux.so)
==22121==    by 0x48A7BAC: xmalloc (in /usr/lib/x86_64-linux-gnu/libreadline.so.8.1)
==22120== 480 bytes in 1 blocks are still reachable in loss record 24 of 63
==22121==    by 0x48A33F9: _rl_init_terminal_io (in /usr/lib/x86_64-linux-gnu/libreadline.so.8.1)
==22120==    at 0x4848899: malloc (in /usr/libexec/valgrind/vgpreload_memcheck-amd64-linux.so)
==22121==    by 0x488FA0F: rl_initialize (in /usr/lib/x86_64-linux-gnu/libreadline.so.8.1)
==22120==    by 0x4AF9FE9: ??? (in /usr/lib/x86_64-linux-gnu/libtinfo.so.6.3)
==22121==    by 0x488FCD4: readline (in /usr/lib/x86_64-linux-gnu/libreadline.so.8.1)
==22120==    by 0x4B056FD: _nc_setupterm (in /usr/lib/x86_64-linux-gnu/libtinfo.so.6.3)
==22121==    by 0x1122C3: main (main.c:103)
==22120==    by 0x4B06349: tgetent_sp (in /usr/lib/x86_64-linux-gnu/libtinfo.so.6.3)
==22121== 
==22120==    by 0x48A31CD: _rl_init_terminal_io (in /usr/lib/x86_64-linux-gnu/libreadline.so.8.1)
==22120==    by 0x488FA0F: rl_initialize (in /usr/lib/x86_64-linux-gnu/libreadline.so.8.1)
==22121== 4,112 bytes in 1 blocks are still reachable in loss record 43 of 63
==22120==    by 0x488FCD4: readline (in /usr/lib/x86_64-linux-gnu/libreadline.so.8.1)
==22121==    at 0x4848899: malloc (in /usr/libexec/valgrind/vgpreload_memcheck-amd64-linux.so)
==22120==    by 0x1122C3: main (main.c:103)
==22121==    by 0x48A7BAC: xmalloc (in /usr/lib/x86_64-linux-gnu/libreadline.so.8.1)
==22120== 
==22121==    by 0x4884251: rl_make_bare_keymap (in /usr/lib/x86_64-linux-gnu/libreadline.so.8.1)
==22121==    by 0x4884B6A: rl_generic_bind (in /usr/lib/x86_64-linux-gnu/libreadline.so.8.1)
==22120== 760 bytes in 1 blocks are still reachable in loss record 25 of 63
==22121==    by 0x488F75D: rl_bind_keyseq_if_unbound_in_map (in /usr/lib/x86_64-linux-gnu/libreadline.so.8.1)
==22120==    at 0x484DA83: calloc (in /usr/libexec/valgrind/vgpreload_memcheck-amd64-linux.so)
==22121==    by 0x48A2DD5: ??? (in /usr/lib/x86_64-linux-gnu/libreadline.so.8.1)
==22120==    by 0x4B05699: _nc_setupterm (in /usr/lib/x86_64-linux-gnu/libtinfo.so.6.3)
==22121==    by 0x48A331F: _rl_init_terminal_io (in /usr/lib/x86_64-linux-gnu/libreadline.so.8.1)
==22120==    by 0x4B06349: tgetent_sp (in /usr/lib/x86_64-linux-gnu/libtinfo.so.6.3)
==22121==    by 0x488FA0F: rl_initialize (in /usr/lib/x86_64-linux-gnu/libreadline.so.8.1)
==22120==    by 0x48A31CD: _rl_init_terminal_io (in /usr/lib/x86_64-linux-gnu/libreadline.so.8.1)
==22121==    by 0x488FCD4: readline (in /usr/lib/x86_64-linux-gnu/libreadline.so.8.1)
==22120==    by 0x488FA0F: rl_initialize (in /usr/lib/x86_64-linux-gnu/libreadline.so.8.1)
==22121==    by 0x1122C3: main (main.c:103)
==22120==    by 0x488FCD4: readline (in /usr/lib/x86_64-linux-gnu/libreadline.so.8.1)
==22121== 
==22120==    by 0x1122C3: main (main.c:103)
==22120== 
==22121== 4,112 bytes in 1 blocks are still reachable in loss record 44 of 63
==22121==    at 0x4848899: malloc (in /usr/libexec/valgrind/vgpreload_memcheck-amd64-linux.so)
==22120== 772 bytes in 1 blocks are still reachable in loss record 26 of 63
==22121==    by 0x48A7BAC: xmalloc (in /usr/lib/x86_64-linux-gnu/libreadline.so.8.1)
==22120==    at 0x4848899: malloc (in /usr/libexec/valgrind/vgpreload_memcheck-amd64-linux.so)
==22121==    by 0x4884251: rl_make_bare_keymap (in /usr/lib/x86_64-linux-gnu/libreadline.so.8.1)
==22120==    by 0x4B05127: _nc_read_termtype (in /usr/lib/x86_64-linux-gnu/libtinfo.so.6.3)
==22121==    by 0x4884B6A: rl_generic_bind (in /usr/lib/x86_64-linux-gnu/libreadline.so.8.1)
==22120==    by 0x4B053AA: ??? (in /usr/lib/x86_64-linux-gnu/libtinfo.so.6.3)
==22121==    by 0x488F75D: rl_bind_keyseq_if_unbound_in_map (in /usr/lib/x86_64-linux-gnu/libreadline.so.8.1)
==22120==    by 0x4B07AC0: ??? (in /usr/lib/x86_64-linux-gnu/libtinfo.so.6.3)
==22121==    by 0x48A2E5A: ??? (in /usr/lib/x86_64-linux-gnu/libreadline.so.8.1)
==22120==    by 0x4B0553B: _nc_read_entry2 (in /usr/lib/x86_64-linux-gnu/libtinfo.so.6.3)
==22121==    by 0x48A331F: _rl_init_terminal_io (in /usr/lib/x86_64-linux-gnu/libreadline.so.8.1)
==22120==    by 0x4B05591: ??? (in /usr/lib/x86_64-linux-gnu/libtinfo.so.6.3)
==22121==    by 0x488FA0F: rl_initialize (in /usr/lib/x86_64-linux-gnu/libreadline.so.8.1)
==22120==    by 0x4B056E6: _nc_setupterm (in /usr/lib/x86_64-linux-gnu/libtinfo.so.6.3)
==22121==    by 0x488FCD4: readline (in /usr/lib/x86_64-linux-gnu/libreadline.so.8.1)
==22120==    by 0x4B06349: tgetent_sp (in /usr/lib/x86_64-linux-gnu/libtinfo.so.6.3)
==22121==    by 0x1122C3: main (main.c:103)
==22120==    by 0x48A31CD: _rl_init_terminal_io (in /usr/lib/x86_64-linux-gnu/libreadline.so.8.1)
==22121== 
==22120==    by 0x488FA0F: rl_initialize (in /usr/lib/x86_64-linux-gnu/libreadline.so.8.1)
==22120==    by 0x488FCD4: readline (in /usr/lib/x86_64-linux-gnu/libreadline.so.8.1)
==22121== 4,112 bytes in 1 blocks are still reachable in loss record 45 of 63
==22120==    by 0x1122C3: main (main.c:103)
==22121==    at 0x4848899: malloc (in /usr/libexec/valgrind/vgpreload_memcheck-amd64-linux.so)
==22120== 
==22121==    by 0x48A7BAC: xmalloc (in /usr/lib/x86_64-linux-gnu/libreadline.so.8.1)
==22121==    by 0x4884251: rl_make_bare_keymap (in /usr/lib/x86_64-linux-gnu/libreadline.so.8.1)
==22120== 1,024 bytes in 1 blocks are still reachable in loss record 27 of 63
==22121==    by 0x4884B6A: rl_generic_bind (in /usr/lib/x86_64-linux-gnu/libreadline.so.8.1)
==22120==    at 0x4848899: malloc (in /usr/libexec/valgrind/vgpreload_memcheck-amd64-linux.so)
==22121==    by 0x488F75D: rl_bind_keyseq_if_unbound_in_map (in /usr/lib/x86_64-linux-gnu/libreadline.so.8.1)
==22120==    by 0x48A84A7: xrealloc (in /usr/lib/x86_64-linux-gnu/libreadline.so.8.1)
==22121==    by 0x48A2E5A: ??? (in /usr/lib/x86_64-linux-gnu/libreadline.so.8.1)
==22120==    by 0x4891C7B: ??? (in /usr/lib/x86_64-linux-gnu/libreadline.so.8.1)
==22121==    by 0x48A332B: _rl_init_terminal_io (in /usr/lib/x86_64-linux-gnu/libreadline.so.8.1)
==22120==    by 0x4891D67: ??? (in /usr/lib/x86_64-linux-gnu/libreadline.so.8.1)
==22121==    by 0x488FA0F: rl_initialize (in /usr/lib/x86_64-linux-gnu/libreadline.so.8.1)
==22120==    by 0x489AC7E: rl_redisplay (in /usr/lib/x86_64-linux-gnu/libreadline.so.8.1)
==22121==    by 0x488FCD4: readline (in /usr/lib/x86_64-linux-gnu/libreadline.so.8.1)
==22120==    by 0x4885458: readline_internal_setup (in /usr/lib/x86_64-linux-gnu/libreadline.so.8.1)
==22121==    by 0x1122C3: main (main.c:103)
==22120==    by 0x488FCF8: readline (in /usr/lib/x86_64-linux-gnu/libreadline.so.8.1)
==22121== 
==22120==    by 0x1122C3: main (main.c:103)
==22120== 
==22121== 4,112 bytes in 1 blocks are still reachable in loss record 46 of 63
==22121==    at 0x4848899: malloc (in /usr/libexec/valgrind/vgpreload_memcheck-amd64-linux.so)
==22120== 1,024 bytes in 1 blocks are still reachable in loss record 28 of 63
==22121==    by 0x48A7BAC: xmalloc (in /usr/lib/x86_64-linux-gnu/libreadline.so.8.1)
==22120==    at 0x4848899: malloc (in /usr/libexec/valgrind/vgpreload_memcheck-amd64-linux.so)
==22121==    by 0x4884251: rl_make_bare_keymap (in /usr/lib/x86_64-linux-gnu/libreadline.so.8.1)
==22120==    by 0x48A84A7: xrealloc (in /usr/lib/x86_64-linux-gnu/libreadline.so.8.1)
==22121==    by 0x4884B6A: rl_generic_bind (in /usr/lib/x86_64-linux-gnu/libreadline.so.8.1)
==22120==    by 0x4891C8B: ??? (in /usr/lib/x86_64-linux-gnu/libreadline.so.8.1)
==22121==    by 0x488F75D: rl_bind_keyseq_if_unbound_in_map (in /usr/lib/x86_64-linux-gnu/libreadline.so.8.1)
==22120==    by 0x4891D67: ??? (in /usr/lib/x86_64-linux-gnu/libreadline.so.8.1)
==22121==    by 0x48A2E5A: ??? (in /usr/lib/x86_64-linux-gnu/libreadline.so.8.1)
==22120==    by 0x489AC7E: rl_redisplay (in /usr/lib/x86_64-linux-gnu/libreadline.so.8.1)
==22121==    by 0x48A3337: _rl_init_terminal_io (in /usr/lib/x86_64-linux-gnu/libreadline.so.8.1)
==22120==    by 0x4885458: readline_internal_setup (in /usr/lib/x86_64-linux-gnu/libreadline.so.8.1)
==22121==    by 0x488FA0F: rl_initialize (in /usr/lib/x86_64-linux-gnu/libreadline.so.8.1)
==22120==    by 0x488FCF8: readline (in /usr/lib/x86_64-linux-gnu/libreadline.so.8.1)
==22121==    by 0x488FCD4: readline (in /usr/lib/x86_64-linux-gnu/libreadline.so.8.1)
==22120==    by 0x1122C3: main (main.c:103)
==22121==    by 0x1122C3: main (main.c:103)
==22120== 
==22121== 
==22120== 1,024 bytes in 1 blocks are still reachable in loss record 29 of 63
==22121== 4,112 bytes in 1 blocks are still reachable in loss record 47 of 63
==22120==    at 0x4848899: malloc (in /usr/libexec/valgrind/vgpreload_memcheck-amd64-linux.so)
==22121==    at 0x4848899: malloc (in /usr/libexec/valgrind/vgpreload_memcheck-amd64-linux.so)
==22120==    by 0x48A84A7: xrealloc (in /usr/lib/x86_64-linux-gnu/libreadline.so.8.1)
==22121==    by 0x48A7BAC: xmalloc (in /usr/lib/x86_64-linux-gnu/libreadline.so.8.1)
==22120==    by 0x4891CA2: ??? (in /usr/lib/x86_64-linux-gnu/libreadline.so.8.1)
==22121==    by 0x4884251: rl_make_bare_keymap (in /usr/lib/x86_64-linux-gnu/libreadline.so.8.1)
==22120==    by 0x4891D67: ??? (in /usr/lib/x86_64-linux-gnu/libreadline.so.8.1)
==22121==    by 0x4884B6A: rl_generic_bind (in /usr/lib/x86_64-linux-gnu/libreadline.so.8.1)
==22120==    by 0x489AC7E: rl_redisplay (in /usr/lib/x86_64-linux-gnu/libreadline.so.8.1)
==22121==    by 0x488F75D: rl_bind_keyseq_if_unbound_in_map (in /usr/lib/x86_64-linux-gnu/libreadline.so.8.1)
==22120==    by 0x4885458: readline_internal_setup (in /usr/lib/x86_64-linux-gnu/libreadline.so.8.1)
==22121==    by 0x488F94C: ??? (in /usr/lib/x86_64-linux-gnu/libreadline.so.8.1)
==22120==    by 0x488FCF8: readline (in /usr/lib/x86_64-linux-gnu/libreadline.so.8.1)
==22121==    by 0x488FA84: rl_initialize (in /usr/lib/x86_64-linux-gnu/libreadline.so.8.1)
==22120==    by 0x1122C3: main (main.c:103)
==22121==    by 0x488FCD4: readline (in /usr/lib/x86_64-linux-gnu/libreadline.so.8.1)
==22120== 
==22121==    by 0x1122C3: main (main.c:103)
==22121== 
==22120== 1,024 bytes in 1 blocks are still reachable in loss record 30 of 63
==22120==    at 0x4848899: malloc (in /usr/libexec/valgrind/vgpreload_memcheck-amd64-linux.so)
==22121== 4,112 bytes in 1 blocks are still reachable in loss record 48 of 63
==22120==    by 0x48A84A7: xrealloc (in /usr/lib/x86_64-linux-gnu/libreadline.so.8.1)
==22121==    at 0x4848899: malloc (in /usr/libexec/valgrind/vgpreload_memcheck-amd64-linux.so)
==22120==    by 0x4891CBB: ??? (in /usr/lib/x86_64-linux-gnu/libreadline.so.8.1)
==22121==    by 0x48A7BAC: xmalloc (in /usr/lib/x86_64-linux-gnu/libreadline.so.8.1)
==22120==    by 0x4891D67: ??? (in /usr/lib/x86_64-linux-gnu/libreadline.so.8.1)
==22121==    by 0x4884251: rl_make_bare_keymap (in /usr/lib/x86_64-linux-gnu/libreadline.so.8.1)
==22120==    by 0x489AC7E: rl_redisplay (in /usr/lib/x86_64-linux-gnu/libreadline.so.8.1)
==22121==    by 0x4884B6A: rl_generic_bind (in /usr/lib/x86_64-linux-gnu/libreadline.so.8.1)
==22120==    by 0x4885458: readline_internal_setup (in /usr/lib/x86_64-linux-gnu/libreadline.so.8.1)
==22121==    by 0x488F75D: rl_bind_keyseq_if_unbound_in_map (in /usr/lib/x86_64-linux-gnu/libreadline.so.8.1)
==22120==    by 0x488FCF8: readline (in /usr/lib/x86_64-linux-gnu/libreadline.so.8.1)
==22121==    by 0x488F94C: ??? (in /usr/lib/x86_64-linux-gnu/libreadline.so.8.1)
==22120==    by 0x1122C3: main (main.c:103)
==22121==    by 0x488FA93: rl_initialize (in /usr/lib/x86_64-linux-gnu/libreadline.so.8.1)
==22120== 
==22121==    by 0x488FCD4: readline (in /usr/lib/x86_64-linux-gnu/libreadline.so.8.1)
==22121==    by 0x1122C3: main (main.c:103)
==22120== 1,024 bytes in 1 blocks are still reachable in loss record 31 of 63
==22121== 
==22120==    at 0x4848899: malloc (in /usr/libexec/valgrind/vgpreload_memcheck-amd64-linux.so)
==22120==    by 0x48A7BAC: xmalloc (in /usr/lib/x86_64-linux-gnu/libreadline.so.8.1)
==22121== 4,112 bytes in 1 blocks are still reachable in loss record 49 of 63
==22120==    by 0x4891DC5: ??? (in /usr/lib/x86_64-linux-gnu/libreadline.so.8.1)
==22121==    at 0x4848899: malloc (in /usr/libexec/valgrind/vgpreload_memcheck-amd64-linux.so)
==22120==    by 0x489AC7E: rl_redisplay (in /usr/lib/x86_64-linux-gnu/libreadline.so.8.1)
==22121==    by 0x48A7BAC: xmalloc (in /usr/lib/x86_64-linux-gnu/libreadline.so.8.1)
==22120==    by 0x4885458: readline_internal_setup (in /usr/lib/x86_64-linux-gnu/libreadline.so.8.1)
==22121==    by 0x4884251: rl_make_bare_keymap (in /usr/lib/x86_64-linux-gnu/libreadline.so.8.1)
==22120==    by 0x488FCF8: readline (in /usr/lib/x86_64-linux-gnu/libreadline.so.8.1)
==22121==    by 0x4884B6A: rl_generic_bind (in /usr/lib/x86_64-linux-gnu/libreadline.so.8.1)
==22120==    by 0x1122C3: main (main.c:103)
==22121==    by 0x488F75D: rl_bind_keyseq_if_unbound_in_map (in /usr/lib/x86_64-linux-gnu/libreadline.so.8.1)
==22120== 
==22121==    by 0x488F94C: ??? (in /usr/lib/x86_64-linux-gnu/libreadline.so.8.1)
==22121==    by 0x488FAB8: rl_initialize (in /usr/lib/x86_64-linux-gnu/libreadline.so.8.1)
==22120== 1,024 bytes in 1 blocks are still reachable in loss record 32 of 63
==22121==    by 0x488FCD4: readline (in /usr/lib/x86_64-linux-gnu/libreadline.so.8.1)
==22120==    at 0x4848899: malloc (in /usr/libexec/valgrind/vgpreload_memcheck-amd64-linux.so)
==22121==    by 0x1122C3: main (main.c:103)
==22120==    by 0x48A7BAC: xmalloc (in /usr/lib/x86_64-linux-gnu/libreadline.so.8.1)
==22121== 
==22120==    by 0x4891DDA: ??? (in /usr/lib/x86_64-linux-gnu/libreadline.so.8.1)
==22120==    by 0x489AC7E: rl_redisplay (in /usr/lib/x86_64-linux-gnu/libreadline.so.8.1)
==22121== 7,952 bytes in 1 blocks are still reachable in loss record 50 of 63
==22120==    by 0x4885458: readline_internal_setup (in /usr/lib/x86_64-linux-gnu/libreadline.so.8.1)
==22121==    at 0x484DA83: calloc (in /usr/libexec/valgrind/vgpreload_memcheck-amd64-linux.so)
==22120==    by 0x488FCF8: readline (in /usr/lib/x86_64-linux-gnu/libreadline.so.8.1)
==22121==    by 0x4AF8CD7: ??? (in /usr/lib/x86_64-linux-gnu/libtinfo.so.6.3)
==22120==    by 0x1122C3: main (main.c:103)
==22121==    by 0x4AFA27F: _nc_find_type_entry (in /usr/lib/x86_64-linux-gnu/libtinfo.so.6.3)
==22120== 
==22121==    by 0x4AFCCDC: tgetstr_sp (in /usr/lib/x86_64-linux-gnu/libtinfo.so.6.3)
==22121==    by 0x48A321A: _rl_init_terminal_io (in /usr/lib/x86_64-linux-gnu/libreadline.so.8.1)
==22120== 1,024 bytes in 1 blocks are still reachable in loss record 33 of 63
==22121==    by 0x488FA0F: rl_initialize (in /usr/lib/x86_64-linux-gnu/libreadline.so.8.1)
==22120==    at 0x4848899: malloc (in /usr/libexec/valgrind/vgpreload_memcheck-amd64-linux.so)
==22121==    by 0x488FCD4: readline (in /usr/lib/x86_64-linux-gnu/libreadline.so.8.1)
==22120==    by 0x48A7BAC: xmalloc (in /usr/lib/x86_64-linux-gnu/libreadline.so.8.1)
==22121==    by 0x1122C3: main (main.c:103)
==22120==    by 0x4891DE8: ??? (in /usr/lib/x86_64-linux-gnu/libreadline.so.8.1)
==22121== 
==22120==    by 0x489AC7E: rl_redisplay (in /usr/lib/x86_64-linux-gnu/libreadline.so.8.1)
==22120==    by 0x4885458: readline_internal_setup (in /usr/lib/x86_64-linux-gnu/libreadline.so.8.1)
==22121== 8,224 bytes in 2 blocks are still reachable in loss record 51 of 63
==22120==    by 0x488FCF8: readline (in /usr/lib/x86_64-linux-gnu/libreadline.so.8.1)
==22121==    at 0x4848899: malloc (in /usr/libexec/valgrind/vgpreload_memcheck-amd64-linux.so)
==22120==    by 0x1122C3: main (main.c:103)
==22121==    by 0x48A7BAC: xmalloc (in /usr/lib/x86_64-linux-gnu/libreadline.so.8.1)
==22120== 
==22121==    by 0x4884251: rl_make_bare_keymap (in /usr/lib/x86_64-linux-gnu/libreadline.so.8.1)
==22121==    by 0x4884B6A: rl_generic_bind (in /usr/lib/x86_64-linux-gnu/libreadline.so.8.1)
==22120== 1,024 bytes in 1 blocks are still reachable in loss record 34 of 63
==22121==    by 0x488F75D: rl_bind_keyseq_if_unbound_in_map (in /usr/lib/x86_64-linux-gnu/libreadline.so.8.1)
==22120==    at 0x4848899: malloc (in /usr/libexec/valgrind/vgpreload_memcheck-amd64-linux.so)
==22121==    by 0x48A2E47: ??? (in /usr/lib/x86_64-linux-gnu/libreadline.so.8.1)
==22120==    by 0x48A7BAC: xmalloc (in /usr/lib/x86_64-linux-gnu/libreadline.so.8.1)
==22121==    by 0x48A331F: _rl_init_terminal_io (in /usr/lib/x86_64-linux-gnu/libreadline.so.8.1)
==22120==    by 0x4891DF6: ??? (in /usr/lib/x86_64-linux-gnu/libreadline.so.8.1)
==22121==    by 0x488FA0F: rl_initialize (in /usr/lib/x86_64-linux-gnu/libreadline.so.8.1)
==22120==    by 0x489AC7E: rl_redisplay (in /usr/lib/x86_64-linux-gnu/libreadline.so.8.1)
==22121==    by 0x488FCD4: readline (in /usr/lib/x86_64-linux-gnu/libreadline.so.8.1)
==22120==    by 0x4885458: readline_internal_setup (in /usr/lib/x86_64-linux-gnu/libreadline.so.8.1)
==22121==    by 0x1122C3: main (main.c:103)
==22120==    by 0x488FCF8: readline (in /usr/lib/x86_64-linux-gnu/libreadline.so.8.1)
==22121== 
==22120==    by 0x1122C3: main (main.c:103)
==22120== 
==22121== 8,224 bytes in 2 blocks are still reachable in loss record 52 of 63
==22121==    at 0x4848899: malloc (in /usr/libexec/valgrind/vgpreload_memcheck-amd64-linux.so)
==22120== 1,464 bytes in 1 blocks are still reachable in loss record 35 of 63
==22121==    by 0x48A7BAC: xmalloc (in /usr/lib/x86_64-linux-gnu/libreadline.so.8.1)
==22120==    at 0x4848899: malloc (in /usr/libexec/valgrind/vgpreload_memcheck-amd64-linux.so)
==22121==    by 0x4884251: rl_make_bare_keymap (in /usr/lib/x86_64-linux-gnu/libreadline.so.8.1)
==22120==    by 0x4B0496D: _nc_read_termtype (in /usr/lib/x86_64-linux-gnu/libtinfo.so.6.3)
==22121==    by 0x4884B6A: rl_generic_bind (in /usr/lib/x86_64-linux-gnu/libreadline.so.8.1)
==22120==    by 0x4B053AA: ??? (in /usr/lib/x86_64-linux-gnu/libtinfo.so.6.3)
==22121==    by 0x488F75D: rl_bind_keyseq_if_unbound_in_map (in /usr/lib/x86_64-linux-gnu/libreadline.so.8.1)
==22120==    by 0x4B07AC0: ??? (in /usr/lib/x86_64-linux-gnu/libtinfo.so.6.3)
==22121==    by 0x48A2DD5: ??? (in /usr/lib/x86_64-linux-gnu/libreadline.so.8.1)
==22120==    by 0x4B0553B: _nc_read_entry2 (in /usr/lib/x86_64-linux-gnu/libtinfo.so.6.3)
==22121==    by 0x48A332B: _rl_init_terminal_io (in /usr/lib/x86_64-linux-gnu/libreadline.so.8.1)
==22120==    by 0x4B05591: ??? (in /usr/lib/x86_64-linux-gnu/libtinfo.so.6.3)
==22121==    by 0x488FA0F: rl_initialize (in /usr/lib/x86_64-linux-gnu/libreadline.so.8.1)
==22120==    by 0x4B056E6: _nc_setupterm (in /usr/lib/x86_64-linux-gnu/libtinfo.so.6.3)
==22121==    by 0x488FCD4: readline (in /usr/lib/x86_64-linux-gnu/libreadline.so.8.1)
==22120==    by 0x4B06349: tgetent_sp (in /usr/lib/x86_64-linux-gnu/libtinfo.so.6.3)
==22121==    by 0x1122C3: main (main.c:103)
==22120==    by 0x48A31CD: _rl_init_terminal_io (in /usr/lib/x86_64-linux-gnu/libreadline.so.8.1)
==22121== 
==22120==    by 0x488FA0F: rl_initialize (in /usr/lib/x86_64-linux-gnu/libreadline.so.8.1)
==22120==    by 0x488FCD4: readline (in /usr/lib/x86_64-linux-gnu/libreadline.so.8.1)
==22121== 8,224 bytes in 2 blocks are still reachable in loss record 53 of 63
==22120==    by 0x1122C3: main (main.c:103)
==22121==    at 0x4848899: malloc (in /usr/libexec/valgrind/vgpreload_memcheck-amd64-linux.so)
==22120== 
==22121==    by 0x48A7BAC: xmalloc (in /usr/lib/x86_64-linux-gnu/libreadline.so.8.1)
==22121==    by 0x4884251: rl_make_bare_keymap (in /usr/lib/x86_64-linux-gnu/libreadline.so.8.1)
==22120== 1,536 bytes in 1 blocks are still reachable in loss record 36 of 63
==22121==    by 0x4884B6A: rl_generic_bind (in /usr/lib/x86_64-linux-gnu/libreadline.so.8.1)
==22120==    at 0x484DCD3: realloc (in /usr/libexec/valgrind/vgpreload_memcheck-amd64-linux.so)
==22121==    by 0x488F75D: rl_bind_keyseq_if_unbound_in_map (in /usr/lib/x86_64-linux-gnu/libreadline.so.8.1)
==22120==    by 0x48A8491: xrealloc (in /usr/lib/x86_64-linux-gnu/libreadline.so.8.1)
==22121==    by 0x48A2E47: ??? (in /usr/lib/x86_64-linux-gnu/libreadline.so.8.1)
==22120==    by 0x4885877: rl_add_funmap_entry (in /usr/lib/x86_64-linux-gnu/libreadline.so.8.1)
==22121==    by 0x48A332B: _rl_init_terminal_io (in /usr/lib/x86_64-linux-gnu/libreadline.so.8.1)
==22120==    by 0x48858C8: rl_initialize_funmap (in /usr/lib/x86_64-linux-gnu/libreadline.so.8.1)
==22121==    by 0x488FA0F: rl_initialize (in /usr/lib/x86_64-linux-gnu/libreadline.so.8.1)
==22120==    by 0x488FA2C: rl_initialize (in /usr/lib/x86_64-linux-gnu/libreadline.so.8.1)
==22121==    by 0x488FCD4: readline (in /usr/lib/x86_64-linux-gnu/libreadline.so.8.1)
==22120==    by 0x488FCD4: readline (in /usr/lib/x86_64-linux-gnu/libreadline.so.8.1)
==22121==    by 0x1122C3: main (main.c:103)
==22120==    by 0x1122C3: main (main.c:103)
==22121== 
==22120== 
==22121== 8,224 bytes in 2 blocks are still reachable in loss record 54 of 63
==22120== 2,032 bytes in 1 blocks are still reachable in loss record 37 of 63
==22121==    at 0x4848899: malloc (in /usr/libexec/valgrind/vgpreload_memcheck-amd64-linux.so)
==22120==    at 0x4848899: malloc (in /usr/libexec/valgrind/vgpreload_memcheck-amd64-linux.so)
==22121==    by 0x48A7BAC: xmalloc (in /usr/lib/x86_64-linux-gnu/libreadline.so.8.1)
==22120==    by 0x48A7BAC: xmalloc (in /usr/lib/x86_64-linux-gnu/libreadline.so.8.1)
==22121==    by 0x4884251: rl_make_bare_keymap (in /usr/lib/x86_64-linux-gnu/libreadline.so.8.1)
==22120==    by 0x48A3419: _rl_init_terminal_io (in /usr/lib/x86_64-linux-gnu/libreadline.so.8.1)
==22121==    by 0x4884B6A: rl_generic_bind (in /usr/lib/x86_64-linux-gnu/libreadline.so.8.1)
==22120==    by 0x488FA0F: rl_initialize (in /usr/lib/x86_64-linux-gnu/libreadline.so.8.1)
==22121==    by 0x488F75D: rl_bind_keyseq_if_unbound_in_map (in /usr/lib/x86_64-linux-gnu/libreadline.so.8.1)
==22120==    by 0x488FCD4: readline (in /usr/lib/x86_64-linux-gnu/libreadline.so.8.1)
==22121==    by 0x48A2DD5: ??? (in /usr/lib/x86_64-linux-gnu/libreadline.so.8.1)
==22120==    by 0x1122C3: main (main.c:103)
==22121==    by 0x48A3337: _rl_init_terminal_io (in /usr/lib/x86_64-linux-gnu/libreadline.so.8.1)
==22120== 
==22121==    by 0x488FA0F: rl_initialize (in /usr/lib/x86_64-linux-gnu/libreadline.so.8.1)
==22121==    by 0x488FCD4: readline (in /usr/lib/x86_64-linux-gnu/libreadline.so.8.1)
==22120== 2,240 bytes in 140 blocks are still reachable in loss record 38 of 63
==22121==    by 0x1122C3: main (main.c:103)
==22120==    at 0x4848899: malloc (in /usr/libexec/valgrind/vgpreload_memcheck-amd64-linux.so)
==22121== 
==22120==    by 0x48A7BAC: xmalloc (in /usr/lib/x86_64-linux-gnu/libreadline.so.8.1)
==22120==    by 0x4885822: rl_add_funmap_entry (in /usr/lib/x86_64-linux-gnu/libreadline.so.8.1)
==22121== 8,224 bytes in 2 blocks are still reachable in loss record 55 of 63
==22120==    by 0x48858C8: rl_initialize_funmap (in /usr/lib/x86_64-linux-gnu/libreadline.so.8.1)
==22121==    at 0x4848899: malloc (in /usr/libexec/valgrind/vgpreload_memcheck-amd64-linux.so)
==22120==    by 0x488FA2C: rl_initialize (in /usr/lib/x86_64-linux-gnu/libreadline.so.8.1)
==22121==    by 0x48A7BAC: xmalloc (in /usr/lib/x86_64-linux-gnu/libreadline.so.8.1)
==22120==    by 0x488FCD4: readline (in /usr/lib/x86_64-linux-gnu/libreadline.so.8.1)
==22121==    by 0x4884251: rl_make_bare_keymap (in /usr/lib/x86_64-linux-gnu/libreadline.so.8.1)
==22120==    by 0x1122C3: main (main.c:103)
==22121==    by 0x4884B6A: rl_generic_bind (in /usr/lib/x86_64-linux-gnu/libreadline.so.8.1)
==22120== 
==22121==    by 0x488F75D: rl_bind_keyseq_if_unbound_in_map (in /usr/lib/x86_64-linux-gnu/libreadline.so.8.1)
==22121==    by 0x48A2E47: ??? (in /usr/lib/x86_64-linux-gnu/libreadline.so.8.1)
==22120== 3,768 bytes in 1 blocks are still reachable in loss record 39 of 63
==22121==    by 0x48A3337: _rl_init_terminal_io (in /usr/lib/x86_64-linux-gnu/libreadline.so.8.1)
==22120==    at 0x484DCD3: realloc (in /usr/libexec/valgrind/vgpreload_memcheck-amd64-linux.so)
==22121==    by 0x488FA0F: rl_initialize (in /usr/lib/x86_64-linux-gnu/libreadline.so.8.1)
==22120==    by 0x4AFA59C: _nc_doalloc (in /usr/lib/x86_64-linux-gnu/libtinfo.so.6.3)
==22121==    by 0x488FCD4: readline (in /usr/lib/x86_64-linux-gnu/libreadline.so.8.1)
==22121==    by 0x1122C3: main (main.c:103)
==22121== 
==22121== 8,224 bytes in 2 blocks are still reachable in loss record 56 of 63
==22121==    at 0x4848899: malloc (in /usr/libexec/valgrind/vgpreload_memcheck-amd64-linux.so)
==22121==    by 0x48A7BAC: xmalloc (in /usr/lib/x86_64-linux-gnu/libreadline.so.8.1)
==22121==    by 0x4884251: rl_make_bare_keymap (in /usr/lib/x86_64-linux-gnu/libreadline.so.8.1)
==22121==    by 0x4884B6A: rl_generic_bind (in /usr/lib/x86_64-linux-gnu/libreadline.so.8.1)
==22121==    by 0x488F75D: rl_bind_keyseq_if_unbound_in_map (in /usr/lib/x86_64-linux-gnu/libreadline.so.8.1)
==22121==    by 0x488F93D: ??? (in /usr/lib/x86_64-linux-gnu/libreadline.so.8.1)
==22121==    by 0x488FA84: rl_initialize (in /usr/lib/x86_64-linux-gnu/libreadline.so.8.1)
==22121==    by 0x488FCD4: readline (in /usr/lib/x86_64-linux-gnu/libreadline.so.8.1)
==22120==    by 0x4B05055: _nc_read_termtype (in /usr/lib/x86_64-linux-gnu/libtinfo.so.6.3)
==22121==    by 0x1122C3: main (main.c:103)
==22120==    by 0x4B053AA: ??? (in /usr/lib/x86_64-linux-gnu/libtinfo.so.6.3)
==22121== 
==22120==    by 0x4B07AC0: ??? (in /usr/lib/x86_64-linux-gnu/libtinfo.so.6.3)
==22120==    by 0x4B0553B: _nc_read_entry2 (in /usr/lib/x86_64-linux-gnu/libtinfo.so.6.3)
==22121== 8,224 bytes in 2 blocks are still reachable in loss record 57 of 63
==22120==    by 0x4B05591: ??? (in /usr/lib/x86_64-linux-gnu/libtinfo.so.6.3)
==22121==    at 0x4848899: malloc (in /usr/libexec/valgrind/vgpreload_memcheck-amd64-linux.so)
==22120==    by 0x4B056E6: _nc_setupterm (in /usr/lib/x86_64-linux-gnu/libtinfo.so.6.3)
==22121==    by 0x48A7BAC: xmalloc (in /usr/lib/x86_64-linux-gnu/libreadline.so.8.1)
==22120==    by 0x4B06349: tgetent_sp (in /usr/lib/x86_64-linux-gnu/libtinfo.so.6.3)
==22121==    by 0x4884251: rl_make_bare_keymap (in /usr/lib/x86_64-linux-gnu/libreadline.so.8.1)
==22120==    by 0x48A31CD: _rl_init_terminal_io (in /usr/lib/x86_64-linux-gnu/libreadline.so.8.1)
==22121==    by 0x4884B6A: rl_generic_bind (in /usr/lib/x86_64-linux-gnu/libreadline.so.8.1)
==22120==    by 0x488FA0F: rl_initialize (in /usr/lib/x86_64-linux-gnu/libreadline.so.8.1)
==22121==    by 0x488F75D: rl_bind_keyseq_if_unbound_in_map (in /usr/lib/x86_64-linux-gnu/libreadline.so.8.1)
==22120==    by 0x488FCD4: readline (in /usr/lib/x86_64-linux-gnu/libreadline.so.8.1)
==22121==    by 0x488F93D: ??? (in /usr/lib/x86_64-linux-gnu/libreadline.so.8.1)
==22120== 
==22121==    by 0x488FA93: rl_initialize (in /usr/lib/x86_64-linux-gnu/libreadline.so.8.1)
==22121==    by 0x488FCD4: readline (in /usr/lib/x86_64-linux-gnu/libreadline.so.8.1)
==22120== 3,768 bytes in 1 blocks are still reachable in loss record 40 of 63
==22121==    by 0x1122C3: main (main.c:103)
==22121== 
==22120==    at 0x4848899: malloc (in /usr/libexec/valgrind/vgpreload_memcheck-amd64-linux.so)
==22120==    by 0x4AF9ECF: ??? (in /usr/lib/x86_64-linux-gnu/libtinfo.so.6.3)
==22121== 8,224 bytes in 2 blocks are still reachable in loss record 58 of 63
==22120==    by 0x4B056FD: _nc_setupterm (in /usr/lib/x86_64-linux-gnu/libtinfo.so.6.3)
==22121==    at 0x4848899: malloc (in /usr/libexec/valgrind/vgpreload_memcheck-amd64-linux.so)
==22120==    by 0x4B06349: tgetent_sp (in /usr/lib/x86_64-linux-gnu/libtinfo.so.6.3)
==22121==    by 0x48A7BAC: xmalloc (in /usr/lib/x86_64-linux-gnu/libreadline.so.8.1)
==22120==    by 0x48A31CD: _rl_init_terminal_io (in /usr/lib/x86_64-linux-gnu/libreadline.so.8.1)
==22121==    by 0x4884251: rl_make_bare_keymap (in /usr/lib/x86_64-linux-gnu/libreadline.so.8.1)
==22120==    by 0x488FA0F: rl_initialize (in /usr/lib/x86_64-linux-gnu/libreadline.so.8.1)
==22121==    by 0x4884B6A: rl_generic_bind (in /usr/lib/x86_64-linux-gnu/libreadline.so.8.1)
==22120==    by 0x488FCD4: readline (in /usr/lib/x86_64-linux-gnu/libreadline.so.8.1)
==22121==    by 0x488F75D: rl_bind_keyseq_if_unbound_in_map (in /usr/lib/x86_64-linux-gnu/libreadline.so.8.1)
==22120==    by 0x1122C3: main (main.c:103)
==22121==    by 0x488F93D: ??? (in /usr/lib/x86_64-linux-gnu/libreadline.so.8.1)
==22120== 
==22121==    by 0x488FAB8: rl_initialize (in /usr/lib/x86_64-linux-gnu/libreadline.so.8.1)
==22121==    by 0x488FCD4: readline (in /usr/lib/x86_64-linux-gnu/libreadline.so.8.1)
==22120== 4,016 bytes in 1 blocks are still reachable in loss record 41 of 63
==22121==    by 0x1122C3: main (main.c:103)
==22121== 
==22120==    at 0x4848899: malloc (in /usr/libexec/valgrind/vgpreload_memcheck-amd64-linux.so)
==22120==    by 0x48A7BAC: xmalloc (in /usr/lib/x86_64-linux-gnu/libreadline.so.8.1)
==22121== 8,224 bytes in 2 blocks are still reachable in loss record 59 of 63
==22120==    by 0x48A0FD6: add_history (in /usr/lib/x86_64-linux-gnu/libreadline.so.8.1)
==22121==    at 0x4848899: malloc (in /usr/libexec/valgrind/vgpreload_memcheck-amd64-linux.so)
==22120==    by 0x1122FF: main (main.c:107)
==22121==    by 0x48A7BAC: xmalloc (in /usr/lib/x86_64-linux-gnu/libreadline.so.8.1)
==22120== 
==22121==    by 0x4884251: rl_make_bare_keymap (in /usr/lib/x86_64-linux-gnu/libreadline.so.8.1)
==22121==    by 0x4884B6A: rl_generic_bind (in /usr/lib/x86_64-linux-gnu/libreadline.so.8.1)
==22120== 4,080 bytes in 1 blocks are still reachable in loss record 42 of 63
==22121==    by 0x488F75D: rl_bind_keyseq_if_unbound_in_map (in /usr/lib/x86_64-linux-gnu/libreadline.so.8.1)
==22120==    at 0x4848899: malloc (in /usr/libexec/valgrind/vgpreload_memcheck-amd64-linux.so)
==22121==    by 0x488FAD2: rl_initialize (in /usr/lib/x86_64-linux-gnu/libreadline.so.8.1)
==22120==    by 0x48A7BAC: xmalloc (in /usr/lib/x86_64-linux-gnu/libreadline.so.8.1)
==22121==    by 0x488FCD4: readline (in /usr/lib/x86_64-linux-gnu/libreadline.so.8.1)
==22120==    by 0x48A33F9: _rl_init_terminal_io (in /usr/lib/x86_64-linux-gnu/libreadline.so.8.1)
==22121==    by 0x1122C3: main (main.c:103)
==22120==    by 0x488FA0F: rl_initialize (in /usr/lib/x86_64-linux-gnu/libreadline.so.8.1)
==22121== 
==22120==    by 0x488FCD4: readline (in /usr/lib/x86_64-linux-gnu/libreadline.so.8.1)
==22121== 8,224 bytes in 2 blocks are still reachable in loss record 60 of 63
==22120==    by 0x1122C3: main (main.c:103)
==22121==    at 0x4848899: malloc (in /usr/libexec/valgrind/vgpreload_memcheck-amd64-linux.so)
==22120== 
==22121==    by 0x48A7BAC: xmalloc (in /usr/lib/x86_64-linux-gnu/libreadline.so.8.1)
==22121==    by 0x4884251: rl_make_bare_keymap (in /usr/lib/x86_64-linux-gnu/libreadline.so.8.1)
==22120== 4,112 bytes in 1 blocks are still reachable in loss record 43 of 63
==22121==    by 0x4884B6A: rl_generic_bind (in /usr/lib/x86_64-linux-gnu/libreadline.so.8.1)
==22120==    at 0x4848899: malloc (in /usr/libexec/valgrind/vgpreload_memcheck-amd64-linux.so)
==22121==    by 0x488F75D: rl_bind_keyseq_if_unbound_in_map (in /usr/lib/x86_64-linux-gnu/libreadline.so.8.1)
==22120==    by 0x48A7BAC: xmalloc (in /usr/lib/x86_64-linux-gnu/libreadline.so.8.1)
==22121==    by 0x488FAE1: rl_initialize (in /usr/lib/x86_64-linux-gnu/libreadline.so.8.1)
==22120==    by 0x4884251: rl_make_bare_keymap (in /usr/lib/x86_64-linux-gnu/libreadline.so.8.1)
==22121==    by 0x488FCD4: readline (in /usr/lib/x86_64-linux-gnu/libreadline.so.8.1)
==22120==    by 0x4884B6A: rl_generic_bind (in /usr/lib/x86_64-linux-gnu/libreadline.so.8.1)
==22121==    by 0x1122C3: main (main.c:103)
==22120==    by 0x488F75D: rl_bind_keyseq_if_unbound_in_map (in /usr/lib/x86_64-linux-gnu/libreadline.so.8.1)
==22121== 
==22120==    by 0x48A2DD5: ??? (in /usr/lib/x86_64-linux-gnu/libreadline.so.8.1)
==22120==    by 0x48A331F: _rl_init_terminal_io (in /usr/lib/x86_64-linux-gnu/libreadline.so.8.1)
==22121== 12,336 bytes in 3 blocks are still reachable in loss record 61 of 63
==22120==    by 0x488FA0F: rl_initialize (in /usr/lib/x86_64-linux-gnu/libreadline.so.8.1)
==22121==    at 0x4848899: malloc (in /usr/libexec/valgrind/vgpreload_memcheck-amd64-linux.so)
==22120==    by 0x488FCD4: readline (in /usr/lib/x86_64-linux-gnu/libreadline.so.8.1)
==22121==    by 0x48A7BAC: xmalloc (in /usr/lib/x86_64-linux-gnu/libreadline.so.8.1)
==22120==    by 0x1122C3: main (main.c:103)
==22121==    by 0x4884251: rl_make_bare_keymap (in /usr/lib/x86_64-linux-gnu/libreadline.so.8.1)
==22120== 
==22121==    by 0x4884B6A: rl_generic_bind (in /usr/lib/x86_64-linux-gnu/libreadline.so.8.1)
==22121==    by 0x488F75D: rl_bind_keyseq_if_unbound_in_map (in /usr/lib/x86_64-linux-gnu/libreadline.so.8.1)
==22120== 4,112 bytes in 1 blocks are still reachable in loss record 44 of 63
==22121==    by 0x488F914: ??? (in /usr/lib/x86_64-linux-gnu/libreadline.so.8.1)
==22120==    at 0x4848899: malloc (in /usr/libexec/valgrind/vgpreload_memcheck-amd64-linux.so)
==22121==    by 0x488FA93: rl_initialize (in /usr/lib/x86_64-linux-gnu/libreadline.so.8.1)
==22120==    by 0x48A7BAC: xmalloc (in /usr/lib/x86_64-linux-gnu/libreadline.so.8.1)
==22121==    by 0x488FCD4: readline (in /usr/lib/x86_64-linux-gnu/libreadline.so.8.1)
==22120==    by 0x4884251: rl_make_bare_keymap (in /usr/lib/x86_64-linux-gnu/libreadline.so.8.1)
==22121==    by 0x1122C3: main (main.c:103)
==22120==    by 0x4884B6A: rl_generic_bind (in /usr/lib/x86_64-linux-gnu/libreadline.so.8.1)
==22121== 
==22120==    by 0x488F75D: rl_bind_keyseq_if_unbound_in_map (in /usr/lib/x86_64-linux-gnu/libreadline.so.8.1)
==22120==    by 0x48A2E5A: ??? (in /usr/lib/x86_64-linux-gnu/libreadline.so.8.1)
==22121== 12,336 bytes in 3 blocks are still reachable in loss record 62 of 63
==22120==    by 0x48A331F: _rl_init_terminal_io (in /usr/lib/x86_64-linux-gnu/libreadline.so.8.1)
==22121==    at 0x4848899: malloc (in /usr/libexec/valgrind/vgpreload_memcheck-amd64-linux.so)
==22120==    by 0x488FA0F: rl_initialize (in /usr/lib/x86_64-linux-gnu/libreadline.so.8.1)
==22121==    by 0x48A7BAC: xmalloc (in /usr/lib/x86_64-linux-gnu/libreadline.so.8.1)
==22120==    by 0x488FCD4: readline (in /usr/lib/x86_64-linux-gnu/libreadline.so.8.1)
==22121==    by 0x4884251: rl_make_bare_keymap (in /usr/lib/x86_64-linux-gnu/libreadline.so.8.1)
==22120==    by 0x1122C3: main (main.c:103)
==22121==    by 0x4884B6A: rl_generic_bind (in /usr/lib/x86_64-linux-gnu/libreadline.so.8.1)
==22120== 
==22121==    by 0x488F75D: rl_bind_keyseq_if_unbound_in_map (in /usr/lib/x86_64-linux-gnu/libreadline.so.8.1)
==22121==    by 0x488F914: ??? (in /usr/lib/x86_64-linux-gnu/libreadline.so.8.1)
==22120== 4,112 bytes in 1 blocks are still reachable in loss record 45 of 63
==22121==    by 0x488FAB8: rl_initialize (in /usr/lib/x86_64-linux-gnu/libreadline.so.8.1)
==22120==    at 0x4848899: malloc (in /usr/libexec/valgrind/vgpreload_memcheck-amd64-linux.so)
==22121==    by 0x488FCD4: readline (in /usr/lib/x86_64-linux-gnu/libreadline.so.8.1)
==22120==    by 0x48A7BAC: xmalloc (in /usr/lib/x86_64-linux-gnu/libreadline.so.8.1)
==22121==    by 0x1122C3: main (main.c:103)
==22120==    by 0x4884251: rl_make_bare_keymap (in /usr/lib/x86_64-linux-gnu/libreadline.so.8.1)
==22121== 
==22120==    by 0x4884B6A: rl_generic_bind (in /usr/lib/x86_64-linux-gnu/libreadline.so.8.1)
==22120==    by 0x488F75D: rl_bind_keyseq_if_unbound_in_map (in /usr/lib/x86_64-linux-gnu/libreadline.so.8.1)
==22121== 28,784 bytes in 7 blocks are still reachable in loss record 63 of 63
==22120==    by 0x48A2E5A: ??? (in /usr/lib/x86_64-linux-gnu/libreadline.so.8.1)
==22121==    at 0x4848899: malloc (in /usr/libexec/valgrind/vgpreload_memcheck-amd64-linux.so)
==22120==    by 0x48A332B: _rl_init_terminal_io (in /usr/lib/x86_64-linux-gnu/libreadline.so.8.1)
==22121==    by 0x48A7BAC: xmalloc (in /usr/lib/x86_64-linux-gnu/libreadline.so.8.1)
==22120==    by 0x488FA0F: rl_initialize (in /usr/lib/x86_64-linux-gnu/libreadline.so.8.1)
==22121==    by 0x4884251: rl_make_bare_keymap (in /usr/lib/x86_64-linux-gnu/libreadline.so.8.1)
==22120==    by 0x488FCD4: readline (in /usr/lib/x86_64-linux-gnu/libreadline.so.8.1)
==22121==    by 0x4884B6A: rl_generic_bind (in /usr/lib/x86_64-linux-gnu/libreadline.so.8.1)
==22120==    by 0x1122C3: main (main.c:103)
==22121==    by 0x489599E: rl_parse_and_bind (in /usr/lib/x86_64-linux-gnu/libreadline.so.8.1)
==22120== 
==22121==    by 0x4895B6C: ??? (in /usr/lib/x86_64-linux-gnu/libreadline.so.8.1)
==22121==    by 0x488FA38: rl_initialize (in /usr/lib/x86_64-linux-gnu/libreadline.so.8.1)
==22120== 4,112 bytes in 1 blocks are still reachable in loss record 46 of 63
==22121==    by 0x488FCD4: readline (in /usr/lib/x86_64-linux-gnu/libreadline.so.8.1)
==22120==    at 0x4848899: malloc (in /usr/libexec/valgrind/vgpreload_memcheck-amd64-linux.so)
==22121==    by 0x1122C3: main (main.c:103)
==22120==    by 0x48A7BAC: xmalloc (in /usr/lib/x86_64-linux-gnu/libreadline.so.8.1)
==22121== 
==22120==    by 0x4884251: rl_make_bare_keymap (in /usr/lib/x86_64-linux-gnu/libreadline.so.8.1)
==22121== LEAK SUMMARY:
==22120==    by 0x4884B6A: rl_generic_bind (in /usr/lib/x86_64-linux-gnu/libreadline.so.8.1)
==22121==    definitely lost: 0 bytes in 0 blocks
==22120==    by 0x488F75D: rl_bind_keyseq_if_unbound_in_map (in /usr/lib/x86_64-linux-gnu/libreadline.so.8.1)
==22121==    indirectly lost: 0 bytes in 0 blocks
==22120==    by 0x48A2E5A: ??? (in /usr/lib/x86_64-linux-gnu/libreadline.so.8.1)
==22121==      possibly lost: 0 bytes in 0 blocks
==22120==    by 0x48A3337: _rl_init_terminal_io (in /usr/lib/x86_64-linux-gnu/libreadline.so.8.1)
==22121==    still reachable: 207,258 bytes in 222 blocks
==22120==    by 0x488FA0F: rl_initialize (in /usr/lib/x86_64-linux-gnu/libreadline.so.8.1)
==22121==         suppressed: 0 bytes in 0 blocks
==22120==    by 0x488FCD4: readline (in /usr/lib/x86_64-linux-gnu/libreadline.so.8.1)
==22121== 
==22120==    by 0x1122C3: main (main.c:103)
==22121== For lists of detected and suppressed errors, rerun with: -s
==22120== 
==22121== ERROR SUMMARY: 0 errors from 0 contexts (suppressed: 0 from 0)
==22120== 4,112 bytes in 1 blocks are still reachable in loss record 47 of 63
==22120==    at 0x4848899: malloc (in /usr/libexec/valgrind/vgpreload_memcheck-amd64-linux.so)
==22120==    by 0x48A7BAC: xmalloc (in /usr/lib/x86_64-linux-gnu/libreadline.so.8.1)
==22120==    by 0x4884251: rl_make_bare_keymap (in /usr/lib/x86_64-linux-gnu/libreadline.so.8.1)
==22120==    by 0x4884B6A: rl_generic_bind (in /usr/lib/x86_64-linux-gnu/libreadline.so.8.1)
==22120==    by 0x488F75D: rl_bind_keyseq_if_unbound_in_map (in /usr/lib/x86_64-linux-gnu/libreadline.so.8.1)
==22120==    by 0x488F94C: ??? (in /usr/lib/x86_64-linux-gnu/libreadline.so.8.1)
==22120==    by 0x488FA84: rl_initialize (in /usr/lib/x86_64-linux-gnu/libreadline.so.8.1)
==22120==    by 0x488FCD4: readline (in /usr/lib/x86_64-linux-gnu/libreadline.so.8.1)
==22120==    by 0x1122C3: main (main.c:103)
==22120== 
==22120== 4,112 bytes in 1 blocks are still reachable in loss record 48 of 63
==22120==    at 0x4848899: malloc (in /usr/libexec/valgrind/vgpreload_memcheck-amd64-linux.so)
==22120==    by 0x48A7BAC: xmalloc (in /usr/lib/x86_64-linux-gnu/libreadline.so.8.1)
==22120==    by 0x4884251: rl_make_bare_keymap (in /usr/lib/x86_64-linux-gnu/libreadline.so.8.1)
==22120==    by 0x4884B6A: rl_generic_bind (in /usr/lib/x86_64-linux-gnu/libreadline.so.8.1)
==22120==    by 0x488F75D: rl_bind_keyseq_if_unbound_in_map (in /usr/lib/x86_64-linux-gnu/libreadline.so.8.1)
==22120==    by 0x488F94C: ??? (in /usr/lib/x86_64-linux-gnu/libreadline.so.8.1)
==22120==    by 0x488FA93: rl_initialize (in /usr/lib/x86_64-linux-gnu/libreadline.so.8.1)
==22120==    by 0x488FCD4: readline (in /usr/lib/x86_64-linux-gnu/libreadline.so.8.1)
==22120==    by 0x1122C3: main (main.c:103)
==22120== 
==22120== 4,112 bytes in 1 blocks are still reachable in loss record 49 of 63
==22120==    at 0x4848899: malloc (in /usr/libexec/valgrind/vgpreload_memcheck-amd64-linux.so)
==22120==    by 0x48A7BAC: xmalloc (in /usr/lib/x86_64-linux-gnu/libreadline.so.8.1)
==22120==    by 0x4884251: rl_make_bare_keymap (in /usr/lib/x86_64-linux-gnu/libreadline.so.8.1)
==22120==    by 0x4884B6A: rl_generic_bind (in /usr/lib/x86_64-linux-gnu/libreadline.so.8.1)
==22120==    by 0x488F75D: rl_bind_keyseq_if_unbound_in_map (in /usr/lib/x86_64-linux-gnu/libreadline.so.8.1)
==22120==    by 0x488F94C: ??? (in /usr/lib/x86_64-linux-gnu/libreadline.so.8.1)
==22120==    by 0x488FAB8: rl_initialize (in /usr/lib/x86_64-linux-gnu/libreadline.so.8.1)
==22120==    by 0x488FCD4: readline (in /usr/lib/x86_64-linux-gnu/libreadline.so.8.1)
==22120==    by 0x1122C3: main (main.c:103)
==22120== 
==22120== 7,952 bytes in 1 blocks are still reachable in loss record 50 of 63
==22120==    at 0x484DA83: calloc (in /usr/libexec/valgrind/vgpreload_memcheck-amd64-linux.so)
==22120==    by 0x4AF8CD7: ??? (in /usr/lib/x86_64-linux-gnu/libtinfo.so.6.3)
==22120==    by 0x4AFA27F: _nc_find_type_entry (in /usr/lib/x86_64-linux-gnu/libtinfo.so.6.3)
==22120==    by 0x4AFCCDC: tgetstr_sp (in /usr/lib/x86_64-linux-gnu/libtinfo.so.6.3)
==22120==    by 0x48A321A: _rl_init_terminal_io (in /usr/lib/x86_64-linux-gnu/libreadline.so.8.1)
==22120==    by 0x488FA0F: rl_initialize (in /usr/lib/x86_64-linux-gnu/libreadline.so.8.1)
==22120==    by 0x488FCD4: readline (in /usr/lib/x86_64-linux-gnu/libreadline.so.8.1)
==22120==    by 0x1122C3: main (main.c:103)
==22120== 
==22120== 8,224 bytes in 2 blocks are still reachable in loss record 51 of 63
==22120==    at 0x4848899: malloc (in /usr/libexec/valgrind/vgpreload_memcheck-amd64-linux.so)
==22120==    by 0x48A7BAC: xmalloc (in /usr/lib/x86_64-linux-gnu/libreadline.so.8.1)
